// Vitest Snapshot v1, https://vitest.dev/guide/snapshot.html

exports[`createErrorLink > should handle both GraphQL and network errors 1`] = `[TypeError: errorLink.onError is not a function]`;

exports[`createErrorLink > should log GraphQL errors to the console 1`] = `[TypeError: errorLink.onError is not a function]`;

exports[`createErrorLink > should log network errors to the console 1`] = `[TypeError: errorLink.onError is not a function]`;
