// Jest Snapshot v1, https://goo.gl/fbAQLP

exports[`tabs/Tab should render a Tab button 1`] = `
<div>
  <div
    data-overlay-container="true"
  >
    <button
      aria-selected="false"
      class="lotta-base-button variant__default lotta-button lotta-navigation-button tab"
      role="tab"
      type="button"
      value="4"
    >
      <span
        class="lotta-button_text"
      >
        Tab-Button
      </span>
    </button>
  </div>
</div>
`;
