// Vitest Snapshot v1, https://vitest.dev/guide/snapshot.html

exports[`Stepper > should render a stepper 1`] = `
<div
  aria-valuemax="3"
  aria-valuemin="1"
  aria-valuenow="1"
  class="_root_bmp3y_1"
  role="spinbutton"
>
  <button
    aria-current="false"
    aria-label="Vorheriger Schritt"
    class="_root_ybf73_1 _root_z0q9c_1 _root_cfn1r_1 _small_z0q9c_7"
    data-variant="default"
    disabled=""
    role="button"
    style="color: rgba(var(--lotta-text-color), 1);"
    type="button"
  >
    <span
      class="_icon_z0q9c_10 _icon_cfn1r_31"
    >
      <svg
        aria-hidden="true"
        class="_root_1lr2i_1"
        data-testid="keyboard-arrow-left-icon"
        focusable="false"
        viewBox="0 0 24 24"
        xmlns="http://www.w3.org/2000/svg"
      >
        <path
          d="M15.41 16.59 10.83 12l4.58-4.59L14 6l-6 6 6 6 1.41-1.41z"
        />
      </svg>
    </span>
    <span
      class="_label_z0q9c_14 _label_cfn1r_35"
    >
      vorheriges
    </span>
  </button>
  <div>
    1
     / 
    3
  </div>
  <button
    aria-current="false"
    aria-label="Nächster Schritt"
    class="_root_ybf73_1 _root_z0q9c_1 _root_cfn1r_1 _small_z0q9c_7"
    data-variant="default"
    role="button"
    style="color: rgba(var(--lotta-text-color), 1);"
    type="button"
  >
    <span
      class="_icon_z0q9c_10 _icon_cfn1r_31"
    >
      <svg
        aria-hidden="true"
        class="_root_1lr2i_1"
        data-testid="keyboard-arrow-right-icon"
        focusable="false"
        viewBox="0 0 24 24"
        xmlns="http://www.w3.org/2000/svg"
      >
        <path
          d="M8.59 16.59 13.17 12 8.59 7.41 10 6l6 6-6 6-1.41-1.41z"
        />
      </svg>
    </span>
    <span
      class="_label_z0q9c_14 _label_cfn1r_35"
    >
      nächstes
    </span>
  </button>
</div>
`;
