// Vitest Snapshot v1, https://vitest.dev/guide/snapshot.html

exports[`tabs/Tab > should render a Tab button 1`] = `
<button
  aria-selected="false"
  class="_root_ybf73_1 _root_z0q9c_1 _root_cfn1r_1 _tab_kn9ig_1"
  data-variant="default"
  role="tab"
  type="button"
  value="4"
>
  <span
    class="_label_z0q9c_14 _label_cfn1r_35"
  >
    Tab-Button
  </span>
</button>
`;
