// Vitest Snapshot v1, https://vitest.dev/guide/snapshot.html

exports[`tabs/Tabbar > snapshot test 1`] = `
<div
  class="_tabbar_8215a5"
  role="tablist"
>
  <button
    aria-selected="false"
    class="_root_64ffb3 _root_d5edcf _root_8fd52c _tab_8215a5"
    data-variant="default"
    role="tab"
    type="button"
    value="0"
  >
    <span
      class="_label_d5edcf _label_8fd52c"
    >
      Tab1 bla bla bla
    </span>
  </button>
  <button
    aria-selected="false"
    class="_root_64ffb3 _root_d5edcf _root_8fd52c _tab_8215a5"
    data-variant="default"
    role="tab"
    type="button"
    value="1"
  >
    <span
      class="_label_d5edcf _label_8fd52c"
    >
      Tab2
    </span>
  </button>
  <button
    aria-selected="false"
    class="_root_64ffb3 _root_d5edcf _root_8fd52c _tab_8215a5"
    data-variant="default"
    role="tab"
    type="button"
    value="2"
  >
    <span
      class="_label_d5edcf _label_8fd52c"
    >
      Tab3
    </span>
  </button>
  <button
    aria-selected="true"
    class="_root_64ffb3 _root_d5edcf _root_8fd52c _tab_8215a5 _selected_8215a5 _selected_8fd52c _selected_64ffb3"
    data-variant="default"
    role="tab"
    type="button"
    value="3"
  >
    <span
      class="_label_d5edcf _label_8fd52c"
    >
      Tab4 dingsi bumso
    </span>
  </button>
  <button
    aria-selected="false"
    class="_root_64ffb3 _root_d5edcf _root_8fd52c _tab_8215a5"
    data-variant="default"
    role="tab"
    type="button"
    value="4"
  >
    <span
      class="_label_d5edcf _label_8fd52c"
    >
      Tab5
    </span>
  </button>
</div>
`;
