// Vitest Snapshot v1, https://vitest.dev/guide/snapshot.html

exports[`tabs/Tabbar > snapshot test 1`] = `
<div
  class="_tabbar_kn9ig_1"
  role="tablist"
>
  <button
    aria-selected="false"
    class="_root_ybf73_1 _root_z0q9c_1 _root_cfn1r_1 _tab_kn9ig_1"
    data-variant="default"
    role="tab"
    type="button"
    value="0"
  >
    <span
      class="_label_z0q9c_14 _label_cfn1r_35"
    >
      Tab1 bla bla bla
    </span>
  </button>
  <button
    aria-selected="false"
    class="_root_ybf73_1 _root_z0q9c_1 _root_cfn1r_1 _tab_kn9ig_1"
    data-variant="default"
    role="tab"
    type="button"
    value="1"
  >
    <span
      class="_label_z0q9c_14 _label_cfn1r_35"
    >
      Tab2
    </span>
  </button>
  <button
    aria-selected="false"
    class="_root_ybf73_1 _root_z0q9c_1 _root_cfn1r_1 _tab_kn9ig_1"
    data-variant="default"
    role="tab"
    type="button"
    value="2"
  >
    <span
      class="_label_z0q9c_14 _label_cfn1r_35"
    >
      Tab3
    </span>
  </button>
  <button
    aria-selected="true"
    class="_root_ybf73_1 _root_z0q9c_1 _root_cfn1r_1 _tab_kn9ig_1 _selected_kn9ig_18 _selected_cfn1r_12 _selected_ybf73_28"
    data-variant="default"
    role="tab"
    type="button"
    value="3"
  >
    <span
      class="_label_z0q9c_14 _label_cfn1r_35"
    >
      Tab4 dingsi bumso
    </span>
  </button>
  <button
    aria-selected="false"
    class="_root_ybf73_1 _root_z0q9c_1 _root_cfn1r_1 _tab_kn9ig_1"
    data-variant="default"
    role="tab"
    type="button"
    value="4"
  >
    <span
      class="_label_z0q9c_14 _label_cfn1r_35"
    >
      Tab5
    </span>
  </button>
</div>
`;
