// Jest Snapshot v1, https://goo.gl/fbAQLP

exports[`GridList should render a GridList 1`] = `
<div>
  <div
    data-overlay-container="true"
  >
    <ul
      class="root"
    >
      <li>
        <img
          alt=""
          src="https://picsum.photos/600/400"
        />
      </li>
      <li>
        <img
          alt=""
          src="https://picsum.photos/600/400"
        />
      </li>
      <li>
        <img
          alt=""
          src="https://picsum.photos/600/400"
        />
      </li>
      <li>
        <img
          alt=""
          src="https://picsum.photos/600/400"
        />
      </li>
      <li>
        <img
          alt=""
          src="https://picsum.photos/600/400"
        />
      </li>
    </ul>
  </div>
</div>
`;
