// Jest Snapshot v1, https://goo.gl/fbAQLP

exports[`util/Tooltip should render 1`] = `
<div>
  <button
    aria-selected="false"
    class="lotta-base-button variant__default lotta-button"
    data-reach-tooltip-trigger=""
    data-state="tooltip-hidden"
    role="button"
    type="button"
  >
    <span
      class="lotta-button_text"
    >
      Test
    </span>
  </button>
</div>
`;
