// Vitest Snapshot v1, https://vitest.dev/guide/snapshot.html

exports[`TwoColumnLayout > should render successfully 1`] = `
<div
  data-overlay-container="true"
>
  <div
    class="_root_1wzon_1"
  >
    <aside
      class="_sidebar_1wzon_6"
    >
      Sidebar
    </aside>
    <main
      class="_main_1wzon_15"
    >
      Content
    </main>
  </div>
</div>
`;
