// Vitest Snapshot v1, https://vitest.dev/guide/snapshot.html

exports[`util/Tooltip > should render 1`] = `
<div>
  <div
    class="_root_a55cea"
  >
    <div
      class="_trigger_a55cea"
    >
      <button
        aria-current="false"
        class="_root_64ffb3 _root_d5edcf"
        data-variant="default"
        role="button"
        type="button"
      >
        <span
          class="_label_d5edcf"
        >
          Test
        </span>
      </button>
    </div>
  </div>
</div>
`;
