// Vitest Snapshot v1, https://vitest.dev/guide/snapshot.html

exports[`util/Tooltip > should render 1`] = `
<div>
  <div
    class="_root_fec5r_1"
  >
    <div
      class="_trigger_fec5r_22"
    >
      <button
        aria-current="false"
        class="_root_ybf73_1 _root_z0q9c_1"
        data-variant="default"
        role="button"
        type="button"
      >
        <span
          class="_label_z0q9c_14"
        >
          Test
        </span>
      </button>
    </div>
  </div>
</div>
`;
