// Vitest Snapshot v1, https://vitest.dev/guide/snapshot.html

exports[`AdminPageTitle > should render correctly 1`] = `
<div
  data-overlay-container="true"
>
  <div
    class="_root_3ea43b _root_0d549a _hasScrollableParent_3ea43b"
    role="toolbar"
  >
    <h3>
      <a
        aria-current="false"
        class="_root_1c685f _root_8f1f99 _backButton_0d549a _onlyIcon_8f1f99"
        data-variant="default"
        href="/admin"
        role="button"
        type="button"
      >
        <span
          class="_icon_8f1f99"
        >
          <span
            class="_root_f4427a"
          />
        </span>
      </a>
      My Page
    </h3>
  </div>
</div>
`;
